// Jest Snapshot v1, https://goo.gl/fbAQLP

exports[`<HomeScreen /> renders correctly 1`] = `
<View
  style={
    {
      "alignItems": "center",
      "backgroundColor": "#fff",
      "flex": 1,
      "justifyContent": "center",
    }
  }
>
  <Text
    style={
      {
        "fontSize": 24,
        "fontWeight": 700,
        "marginBottom": 50,
      }
    }
  >
    Welcome to Your Test App
  </Text>
  <View
    style={
      {
        "alignItems": "center",
        "columnGap": 5,
        "display": "flex",
        "flexDirection": "row",
      }
    }
  >
    <View
      accessibilityState={
        {
          "busy": undefined,
          "checked": undefined,
          "disabled": undefined,
          "expanded": undefined,
          "selected": undefined,
        }
      }
      accessibilityValue={
        {
          "max": undefined,
          "min": undefined,
          "now": undefined,
          "text": undefined,
        }
      }
      accessible={true}
      collapsable={false}
      focusable={true}
      onClick={[Function]}
      onResponderGrant={[Function]}
      onResponderMove={[Function]}
      onResponderRelease={[Function]}
      onResponderTerminate={[Function]}
      onResponderTerminationRequest={[Function]}
      onStartShouldSetResponder={[Function]}
      style={
        {
          "alignItems": "center",
          "backgroundColor": "#2B4D66",
          "borderRadius": 15,
          "opacity": 1,
          "padding": 10,
          "paddingLeft": 15,
          "paddingRight": 15,
        }
      }
    >
      <Text
        style={
          {
            "color": "#BED8FB",
          }
        }
      >
        Profile french
      </Text>
    </View>
    <View
      accessibilityState={
        {
          "busy": undefined,
          "checked": undefined,
          "disabled": undefined,
          "expanded": undefined,
          "selected": undefined,
        }
      }
      accessibilityValue={
        {
          "max": undefined,
          "min": undefined,
          "now": undefined,
          "text": undefined,
        }
      }
      accessible={true}
      collapsable={false}
      focusable={true}
      onClick={[Function]}
      onResponderGrant={[Function]}
      onResponderMove={[Function]}
      onResponderRelease={[Function]}
      onResponderTerminate={[Function]}
      onResponderTerminationRequest={[Function]}
      onStartShouldSetResponder={[Function]}
      style={
        {
          "alignItems": "center",
          "backgroundColor": "#2B4D66",
          "borderRadius": 15,
          "opacity": 1,
          "padding": 10,
          "paddingLeft": 15,
          "paddingRight": 15,
        }
      }
    >
      <Text
        style={
          {
            "color": "#BED8FB",
          }
        }
      >
        Profile english
      </Text>
    </View>
  </View>
</View>
`;
